Open Watcom Linker Version 1.5
Portions Copyright (c) 1985-2002 Sybase, Inc. All Rights Reserved.
Created on:       07/01/22 22:22:47
Executable Image: daesop.exe
creating a Windows NT character-mode executable


                        +------------+
                        |   Groups   |
                        +------------+

Group                           Address              Size
=====                           =======              ====

.idata                          0041b000             00000496
DGROUP                          0041c000             000189b0



                        +--------------+
                        |   Segments   |
                        +--------------+

Segment                Class          Group          Address         Size
=======                =====          =====          =======         ====

BEGTEXT                CODE           AUTO           00401000        00000007
_TEXT                  CODE           AUTO           00401010        0001958d
TRANSFER CODE          CODE           AUTO           0041a5a0        000000f6
.idata                 .idata         .idata         0041b000        00000496
_NULL                  BEGDATA        DGROUP         0041c000        00000004
_AFTERNULL             BEGDATA        DGROUP         0041c004        00000000
CONST                  DATA           DGROUP         0041c004        00007554
CONST2                 DATA           DGROUP         00423558        00000000
_DATA                  DATA           DGROUP         00423558        000006a4
XIB                    DATA           DGROUP         00423bfc        00000000
XI                     DATA           DGROUP         00423bfc        00000036
XIE                    DATA           DGROUP         00423c32        00000000
YIB                    DATA           DGROUP         00423c32        00000000
YI                     DATA           DGROUP         00423c32        00000024
YIE                    DATA           DGROUP         00423c56        00000000
TIB                    DATA           DGROUP         00423c56        00000000
TI                     DATA           DGROUP         00423c56        00000000
TIE                    DATA           DGROUP         00423c56        00000000
DATA                   DATA           DGROUP         00423c56        00000000
_BSS                   BSS            DGROUP         00424000        000009a8
STACK                  STACK          DGROUP         004249b0        00010000


                        +----------------+
                        |   Memory Map   |
                        +----------------+

* = unreferenced symbol
+ = symbol only referenced locally

Address        Symbol
=======        ======

Module: convert.obj(D:\work\disassemb\convert.c)
00401015       testOneOldBitmap_
0040172f       replaceResourceByResourceFromMemory_
00401847+      replaceResourceInOpenedFile_
00401aae       convertOneOldBitmap_
00401bd8+      getNewBitmapForOldBitmap_
00401e45+      allocateNewBitmapBuffer_
00401eb4+      prepareNewBitmapGlobalHeader_
00401f42+      storeNewBitmapSubpicturePointer_
00401f9d+      prepareNewBitmapSubpictureHeader_
0040204c+      convertOneOldSubpicture_
00402443+      generateSkipSequencesAndEmptyLines_
0040252c+      processOldSubpictureCopySequence_
004025d3+      processOldSubpictureFillSequence_
00402673+      addNewEndToken_
004026e7+      addNewSkipToken_
004027db+      addNewStringToken_
00402932+      addNewRunToken_
00402a2e       convertOneOldFont_
00402b58+      allocateNewFontBuffer_
00402bc7+      freeOldCharacterDefinitionTable_
00402c3f+      getNewFontForOldFont_
00402f33+      readOldCharacterDefinition_
0040306f+      prepareNewFontHeader_
004030ef+      convertOldAndStoreNewCharacter_
00403238       patchEOB3MenuInOpenedFile_
00403446+      patchOneByte_
Module: daesop.obj(D:\work\disassemb\daesop.c)
0040351b       main_
00403caa+      syntaxInformation_
00403e0d+      getInformation_
00404262+      getResource_
0040446f+      displayCodeResourceInformation_
00404919+      displaySpecialAESOPResource_
00404bb0+      displayHexadecimalDump_
00404c1f+      displayHexadecimalDumpOfMemoryBuffer_
00404db0+      getResourceInformation_
0040513d+      displayCodeResource_
0040520b+      getResourcesInformation_
0040538d+      testOldBitmaps_
0040551e+      replaceResourceByResourceFromFile_
004056fd+      getOffsetInformation_
00405dbe+      createTblFile_
00405f2c+      convertOldBitmaps_
00406158+      convertOldFonts_
00406384+      patchEOB3Menu_
004064bc+      convertEOB3toAESOP32_
00424000+      _myResName
00424100       _myHomeDirectory
00424200+      _myHeader
Module: damap.obj(D:\work\disassemb\damap.c)
004067fa       createCodeMap_
0040689f       setCodeMapAddress_
00406a34       getCodeMapAddressValue_
00406a99       setLabelForAddress_
00406afe       hasAddressLabel_
00406b79       findFirstAddressForDisassembling_
00406bf4       shouldBeAddressDisassembled_
00406ca7       markAddressAsDisassembled_
00406d97       setJumpTarget_
00406e70       setProcedureStart_
00406f29*      displayCodeTableMap_
00407021       fixCodeTableForConstantTables_
00407128+      getNumberOfTableElementsInRange_
004071f3+      fillTheMapInCodeTable_
00423558+      _myCodeMap
0042355c+      _myCodeMapLength
Module: dasm.obj(D:\work\disassemb\dasm.c)
00407346+      readBytecodeDefinition_
00407522+      processBytecodeDefinitionLine_
00407954       disassembleCodeResource_
00407dd5+      makeFirstDisassemblyPass_
00407f1a+      getInstructionLength_
00408121+      setTargetsForTheInstruction_
004083fc+      endsDisassembly_
00408490+      getParameterAsNumber_
004085f1+      getRuntimeCodeFunctionName_
004086b1+      makeSecondDisassemblyPass_
00408c15+      getMessageHandlerNameForAddress_
00408c8d+      getDBByteString_
00408d6c+      getDWWordString_
00408e4b+      getDLLongString_
00408f2a+      writeOneInstruction_
00409947+      getHexCodes_
00409a27+      writeCaseHeader_
00409b15+      writeCaseEntry_
00409bf7+      writeCaseDefault_
00409cd1+      writeLabel_
00409d12+      getParameterString_
00409ff7+      handleVariableAndArrayRelatedInstructions_
0040a426+      getUppercaseVariableType_
0040a49c+      getAddressBehindTheFunction_
0040a4fd+      writeInfoAboutReferredResourceIfAvailable_
00423560+      _bytecodeTable
Module: dblocks.obj(D:\work\disassemb\dblocks.c)
0040a7a1       readDirectoryBlocks_
0040a8ff       getNumberOfDirectoryBlocks_
0040a954       openAESOPResourceAndSetToFirstDirectoryBlock_
Module: dict.obj(D:\work\disassemb\dict.c)
0040acb2       getResourceNumberFromNumberString_
0040ad3f       getResourceNumberFromNameString_
0040ae0d+      readTheDictionary_
0040b08c+      readDictionaryStringList_
0040b1f0+      storeIntoDictionaryArray_
0040b268+      compareAccordingToSecondNumber_
0040b348+      compareAccordingToSecondString_
0040b394+      compareAccordingToFirstString_
0040b3de       getNumberOfItems_
0040b43a       sortDictionaryAccordingToSecondNumber_
0040b4c2       sortDictionaryAccordingToSecondString_
0040b54a       sortDictionaryAccordingToFirstString_
0040b5d2       displayDictionary_
0040b7bf       getResourceName_
0040b8cb       getResourceNameArray_
0040ba30       getRawImportArray_
0040ba9a       getFullImportArray_
0040bebd       getRawExportArray_
0040bf27       getFullExportArray_
0040c573       displayImportDictionary_
0040c8c2       displayExportDictionary_
0040cd9e       getSpecialArray_
0040ce05       getMessageName_
0040d049+      readMessageNamesDictionary_
0040d08e       getResourcesInformationTable_
0040d393+      getSecondEntryForTheFirstEntry_
0040d4d1+      getResourceType_
0040d858       displayResourcesInfoEntries_
0040dc1e       getResourceTypeString_
0040dd3e+      displayResourcesTypeWarning_
0040dd86+      displayResourcesTypeSummary_
00423564+      _myMessageNamesDictionary
00423568+      _myResourceNamesDictionary
Module: dvar.obj(D:\work\disassemb\dvar.c)
0040e071       getExternalVariableNameForVariableNumber_
0040e16d       changeImportEntryVariableToArray_
0040e2cc       writeExternalReferencesInfo_
0040e4b2       initializeStaticVariableList_
0040e732       addPrivateStaticVariableIfNotExisting_
0040e920       getStaticVariableNameForIndex_
0040e9e4       writeExportedVariablesInfo_
0040eb5f       initializeConstantTableList_
0040ebed       getConstantTableName_
0040ecb0       addConstantTableEntryIfNotExisting_
0040ee34       processConstantTableList_
0040ef41       getAutoVariableNameForIndex_
0040f207       initializeLocalVariableReferencesList_
0040f29f       addAutoVariableReference_
0040f39f+      compareLocaleVariableReferences_
0040f409       sortLocalVariableReferencesList_
0040f48e*      displayLocalVariableReferencesList_
0040f56e+      compareLocaleVariables_
0040f5da+      compareParameters_
0040f67a+      getParametersOrLocalVariables_
0040f85f       writeParameters_
0040f9ef       writeLocalVariables_
0042356c+      _myStaticVariablesTable
00423570+      _myConstantTables
00423574+      _myLocalVariableReferences
00423578+      _myLocalVariableReferencesCounter
Module: rentry.obj(D:\work\disassemb\rentry.c)
0040fb82       getResourceEntryIndex_
0040fc60       getResourceEntryHeader_
0040fd31       getMaxNumberOfResourceEntries_
0040fd66       readResourceBinary_
Module: utils.obj(D:\work\disassemb\utils.c)
0040feea       makeString_
0040ff48       unpackDate_
0040ffd0       strcmpCS_
00410041       toUpperCase_
00410084       getCharacterForDump_
004100c4       stringEndsWith_
00410165       copyFile_
Module: D:\WATCOM/lib386/nt\clib3r.lib(stk)
00410265       __CHK
00410275*      __STK
00410294*      __STKOVERFLOW_
004102a4*      __GRO
004102c4*      __alloca_probe
Module: D:\WATCOM/lib386/nt\clib3r.lib(fprintf)
004102e0       fprintf_
Module: D:\WATCOM/lib386/nt\clib3r.lib(sprintf)
00410310       sprintf_
Module: D:\WATCOM/lib386/nt\clib3r.lib(printf)
00410340       printf_
Module: D:\WATCOM/lib386/nt\clib3r.lib(nfree)
00410370       free_
00410380       _nfree_
00424224       ___MiniHeapFreeRover
Module: D:\WATCOM/lib386/nt\clib3r.lib(nmalloc)
00410490       malloc_
004104a0       _nmalloc_
004235c0       ___nheapbeg
004235c4       ___MiniHeapRover
004235c8       ___LargestSizeB4MiniHeapRover
Module: D:\WATCOM/lib386/nt\clib3r.lib(memset)
004105a0       memset_
Module: D:\WATCOM/lib386/nt\clib3r.lib(memcpy)
004105c0       memcpy_
Module: D:\WATCOM/lib386/nt\clib3r.lib(fclose)
004105e0       __doclose_
00410680       __shutdown_stream_
004106a0       fclose_
00424228+      ___RmTmpFileFn
Module: D:\WATCOM/lib386/nt\clib3r.lib(fseek)
00410750       fseek_
Module: D:\WATCOM/lib386/nt\clib3r.lib(ftell)
00410880       ftell_
Module: D:\WATCOM/lib386/nt\clib3r.lib(fwrite)
004108f0       fwrite_
Module: D:\WATCOM/lib386/nt\clib3r.lib(_strcmp)
00410b30       strcmp_
Module: D:\WATCOM/lib386/nt\clib3r.lib(strcpy)
00410c70       strcpy_
Module: D:\WATCOM/lib386/nt\clib3r.lib(strlen)
00410ca0       strlen_
Module: D:\WATCOM/lib386/nt\clib3r.lib(exit)
00410cb3+      __null_int23_exit_
00410cb5       exit_
00410d05*      _exit_
004235cc+      ___int23_exit
004235d0+      ___FPE_handler_exit
Module: D:\WATCOM/lib386/nt\clib3r.lib(strcat)
00410d20       strcat_
Module: D:\WATCOM/lib386/nt\clib3r.lib(fopen)
00410d50+      __open_flags_
00410f90+      _fsopen_
00410fe0       fopen_
00411070*      freopen_
Module: D:\WATCOM/lib386/nt\clib3r.lib(atoi)
004110e0       atoi_
Module: D:\WATCOM/lib386/nt\clib3r.lib(fread)
00411130       fread_
Module: D:\WATCOM/lib386/nt\clib3r.lib(strstr)
00411360       strstr_
Module: D:\WATCOM/lib386/nt\clib3r.lib(sscanf)
00411450+      vsscanf_
00411480       sscanf_
Module: D:\WATCOM/lib386/nt\clib3r.lib(cstrtwnt)
004114a2       _cstart_
004114a2*      mainCRTStartup
Module: D:\WATCOM/lib386/nt\clib3r.lib(fltused)
004235d4       _fltused_
Module: D:\WATCOM/lib386/nt\emu387.lib(386)
00411500       __init_387_emulator
00411501*      __fini_387_emulator
Module: D:\WATCOM/lib386/nt\clib3r.lib(_8087)
004235d8       __8087
004235d9       __real87
Module: D:\WATCOM/lib386/nt\clib3r.lib(argcv)
0042422c       __argc
00424230       __argv
00424234       ___argc
00424238       ___argv
Module: D:\WATCOM/lib386/nt\clib3r.lib(fgets)
00411510       fgets_
Module: D:\WATCOM/lib386/nt\clib3r.lib(strncpy)
00411590       strncpy_
Module: D:\WATCOM/lib386/nt\clib3r.lib(strchr)
004115d0       strchr_
Module: D:\WATCOM/lib386/nt\clib3r.lib(strtok)
004115f0       strtok_
Module: D:\WATCOM/lib386/nt\clib3r.lib(strtol)
004118c0*      strtoul_
004118d0       strtol_
Module: D:\WATCOM/lib386/nt\clib3r.lib(qsort)
00411960       qsort_
Module: D:\WATCOM/lib386/nt\clib3r.lib(toupper)
00412040       toupper_
Module: D:\WATCOM/lib386/nt\clib3r.lib(xmsgwnt)
00412050+      __exit_with_msg_
00412090       __fatal_runtime_error_
Module: D:\WATCOM/lib386/nt\clib3r.lib(mainwnt)
00423668*      ___TlsIndex
0042366c+      ___FirstThreadData
00423670       ___GetThreadPtr
00423674       __AccessFileH
00423678       __ReleaseFileH
0042367c       __AccessIOB
00423680       __ReleaseIOB
00423684       __AccessNHeap
00423688*      __AccessFHeap
0042368c       __ReleaseNHeap
004120c0*      __threadid_
00412130+      __sig_null_rtn_
00412140+      __NTInit_
00412340+      __NTFini_
004123a0       __NTMainInit_
00412400       __exit_
00423690*      __ReleaseFHeap
00423694*      __AccessTDList
00423698*      __ReleaseTDList
0042369c       __AccessFList
004236a0       __ReleaseFList
004236a4+      __ThreadExitRtn
004236a8       ___sig_init_rtn
004236ac       ___sig_fini_rtn
004236b0       ___process_fini
00424244       ___Is_DLL
Module: D:\WATCOM/lib386/nt\clib3r.lib(fprtf)
00412470       __fprtf_
Module: D:\WATCOM/lib386/nt\clib3r.lib(vsprintf)
00412560       vsprintf_
Module: D:\WATCOM/lib386/nt\clib3r.lib(iob)
004236b4       ___iob
004238bc       __fmode
00424860       ___OpenStreams
00424864       ___ClosedStreams
Module: D:\WATCOM/lib386/nt\clib3r.lib(mem)
00412580       __MemAllocator
00412640       __MemFree
Module: D:\WATCOM/lib386/nt\clib3r.lib(nmemneed)
00412790       __nmemneed_
Module: D:\WATCOM/lib386/nt\clib3r.lib(grownear)
00412910       __ExpandDGROUP_
Module: D:\WATCOM/lib386/nt\clib3r.lib(__stos)
00412930       __STOSB
00412967*      __STOSD
Module: D:\WATCOM/lib386/nt\clib3r.lib(lseekwnt)
004129e0       __lseek_
Module: D:\WATCOM/lib386/nt\clib3r.lib(_clsewnt)
00412a20       __close_
Module: D:\WATCOM/lib386/nt\clib3r.lib(flush)
00412a80       __flush_
Module: D:\WATCOM/lib386/nt\clib3r.lib(freefp)
00412b90       __freefp_
00412be0       __purgefp_
Module: D:\WATCOM/lib386/nt\clib3r.lib(lseek)
00412c10       lseek_
Module: D:\WATCOM/lib386/nt\clib3r.lib(seterrno)
00412c59       __set_errno_
00412c67*      __set_EDOM_
00412c75       __set_ERANGE_
00412c83*      __set_EINVAL_
00412c96       __set_doserrno_
Module: D:\WATCOM/lib386/nt\clib3r.lib(tellwnt)
00412cb0       tell_
Module: D:\WATCOM/lib386/nt\clib3r.lib(fflush)
00412d00       fflush_
Module: D:\WATCOM/lib386/nt\clib3r.lib(qwrit)
00412d10       __qwrite_
Module: D:\WATCOM/lib386/nt\clib3r.lib(ioalloc)
00412e00       __ioalloc_
Module: D:\WATCOM/lib386/nt\clib3r.lib(fputc)
00412ea0       fputc_
Module: D:\WATCOM/lib386/nt\clib3r.lib(initrtns)
00412fa0       __InitRtns
00413000       __FiniRtns
Module: D:\WATCOM/lib386/nt\clib3r.lib(comtflag)
00413060*      __set_commode_
004238c0       __commode
Module: D:\WATCOM/lib386/nt\clib3r.lib(tolower)
00413070       tolower_
Module: D:\WATCOM/lib386/nt\clib3r.lib(openwnt)
00413280*      open_
004132a0       sopen_
Module: D:\WATCOM/lib386/nt\clib3r.lib(chktty)
004132d0       __chktty_
Module: D:\WATCOM/lib386/nt\clib3r.lib(allocfp)
00413310       __allocfp_
Module: D:\WATCOM/lib386/nt\clib3r.lib(istable)
004133e0       __IsTable
Module: D:\WATCOM/lib386/nt\clib3r.lib(qread)
004134f0       __qread_
Module: D:\WATCOM/lib386/nt\clib3r.lib(fgetc)
00413560       __fill_buffer_
00413640+      __filbuf_
00413670       fgetc_
Module: D:\WATCOM/lib386/nt\clib3r.lib(scnf)
00414330       __scnf_
Module: D:\WATCOM/lib386/nt\clib3r.lib(main2wnt)
004145a0       __NTMain
Module: D:\WATCOM/lib386/nt\clib3r.lib(segdefns)
00401003       ___begtext
0041c000*      __nullarea
00423bfc       __Start_XI
00423c32       __End_XI
00423c32       __Start_YI
00423c56       __End_YI
Module: D:\WATCOM/lib386/nt\clib3r.lib(setefg)
00414600       __setEFGfmt_
Module: D:\WATCOM/lib386/nt\clib3r.lib(chk8087)
00414640*      _fpreset_
00414660*      __init_8087_
004146b0       __chk8087_
Module: D:\WATCOM/lib386/nt\clib3r.lib(crwdata)
00423908       __osmajor
00423909       __osminor
0042390a       __osbuild
0042390c       __osver
00423910       __winmajor
00423914       __winminor
00423918       __winver
004238cc       __LpCmdLine
004238d0       __LpPgmName
004238d4       __LpDllName
004238d8       __LpwCmdLine
004238dc       __LpwPgmName
004238e0       __LpwDllName
004238c4*      __dynend
004238c8       __curbrk
004238e4*      __STACKLOW
004238e8       __STACKTOP
004238ec       __ASTACKSIZ
004238f0       __ASTACKPTR
004238f4       __cbyte
004238f8*      __cbyte2
004238fc*      __child
00423902       __Envptr
00423906*      __Envseg
00423900       __no87
0042391c       ___FPE_handler
Module: D:\WATCOM/lib386/nt\clib3r.lib(initargv)
004146d0       __Init_Argv_
00414720+      _getargv_
004148c0       __Fini_Argv_
Module: D:\WATCOM/lib386/nt\clib3r.lib(bits)
004148e0       __Bits
004148f0       __setbits_
Module: D:\WATCOM/lib386/nt\clib3r.lib(hdlman)
00423920+      ___NHandles
00423924       ___OSHandles
00423928+      ___FakeHandles
00414930+      __growPOSIXHandles_
004149d0       __allocPOSIXHandle_
00414a90       __freePOSIXHandle_
00414ab0*      __getOSHandle_
00414ad0       __setOSHandle_
00414b20+      __NTGetFakeHandle_
00414b90       __initPOSIXHandles_
00414c70*      __set_handles_
00414c80*      _grow_handles_
Module: D:\WATCOM/lib386/nt\clib3r.lib(enterdb)
00414cc0       __EnterWVIDEO_
00423934+      ___WD_Present
Module: D:\WATCOM/lib386/nt\clib3r.lib(environ)
0042486c       ___env_mask
00424870       _environ
00424874       __wenviron
Module: D:\WATCOM/lib386/nt\clib3r.lib(getmodfn)
00414cf0       __lib_GetModuleFileNameW_
Module: D:\WATCOM/lib386/nt\clib3r.lib(strdup)
00414d90       __clib_strdup_
Module: D:\WATCOM/lib386/nt\clib3r.lib(ustrdup)
00414dd0       __clib_wcsdup_
Module: D:\WATCOM/lib386/nt\clib3r.lib(excptwnt)
00415460+      ___ReportException@4
004158b0       __DefaultExceptionHandler_
004158f0+      ___ExceptionFilter
00415b00       __NewExceptionFilter_
00415b30       __DoneExceptionFilter_
00423938       ___oscode_check_func
0042393c       ___raise_func
00424878*      _sw
0042487c+      ___ExceptionHandled
0042487d+      ___ReportInvoked
Module: D:\WATCOM/lib386/nt\clib3r.lib(stklmwnt)
00415b70       __init_stack_limits_
Module: D:\WATCOM/lib386/nt\clib3r.lib(prtf)
00415be0       __prtf_
Module: D:\WATCOM/lib386/nt\clib3r.lib(initfile)
00416920       __InitFiles_
Module: D:\WATCOM/lib386/nt\clib3r.lib(ioexit)
00416a20*      fcloseall_
00416a30       __full_io_exit_
Module: D:\WATCOM/lib386/nt\clib3r.lib(amblksiz)
00423954       __amblksiz
Module: D:\WATCOM/lib386/nt\clib3r.lib(heapen)
00416a40*      _heapenable_
00423958       ___heap_enabled
Module: D:\WATCOM/lib386/nt\clib3r.lib(nheapmin)
00416a70*      _heapshrink_
00416a80*      _heapmin_
00416a90*      _nheapmin_
00416b40       _nheapshrink_
Module: D:\WATCOM/lib386/nt\clib3r.lib(iomode)
00416b80       __GetIOMode_
00416ba0       __SetIOMode_nogrow_
0042395c       ___NFiles
00423960       ___init_mode
004239b0       ___io_mode
Module: D:\WATCOM/lib386/nt\clib3r.lib(dosret)
00416bc0*      _dosretax_
00416bd0*      _dosret0_
00416be0       __set_errno_dos_
00416c10       __set_errno_nt_
Module: D:\WATCOM/lib386/nt\clib3r.lib(fsync)
00416c20       fsync_
Module: D:\WATCOM/lib386/nt\clib3r.lib(stiomode)
00416c70       __grow_iomode_
00416d40+      __shrink_iomode_
00416d90       __SetIOMode_
Module: D:\WATCOM/lib386/nt\clib3r.lib(flushall)
00416e00       __flushall_
00416e40       flushall_
Module: D:\WATCOM/lib386/nt\clib3r.lib(ntfio)
00416e50*      __GetNTCreateAttr_
00416e90       __GetNTAccessAttr_
00416ec0       __GetNTShareAttr_
Module: D:\WATCOM/lib386/nt\clib3r.lib(umaskval)
00423ab8       ___umaskval
Module: D:\WATCOM/lib386/nt\clib3r.lib(isattwnt)
00416f20       isatty_
Module: D:\WATCOM/lib386/nt\clib3r.lib(gtchewnt)
00416f50       getche_
Module: D:\WATCOM/lib386/nt\clib3r.lib(mbisdbcs)
00424884       ___IsDBCS
Module: D:\WATCOM/lib386/nt\clib3r.lib(mbislead)
00416f80*      _ismbblead_
00424888       ___MBCSIsTable
Module: D:\WATCOM/lib386/nt\clib3r.lib(mbtowc)
00416fa0       mbtowc_
Module: D:\WATCOM/lib386/nt\clib3r.lib(noefgfmt)
00423abc       ___EFG_printf
00423ac0       ___EFG_scanf
Module: D:\WATCOM/lib386/nt\clib3r.lib(fdfs386)
00417074       __FDFS
Module: D:\WATCOM/lib386/nt\clib3r.lib(i8m)
004170c0*      __I8M
004170c0       __U8M
Module: D:\WATCOM/lib386/nt\clib3r.lib(mthrdini)
004170e0       __InitThreadData_
00423ac4       ___ThreadDataSize
Module: D:\WATCOM/lib386/nt\clib3r.lib(cmain386)
00417110       __CMain
Module: D:\WATCOM/lib386/nt\clib3r.lib(dosseg)
00001234       __DOSseg__
Module: D:\WATCOM/lib386\math387r.lib(efgfmt)
00417150       _EFG_Format_
Module: D:\WATCOM/lib386\math387r.lib(cnvs2d)
004172b5       __cnvs2d_
Module: D:\WATCOM/lib386/nt\clib3r.lib(8087cw)
00423ac8       __8087cw
Module: D:\WATCOM/lib386/nt\clib3r.lib(save8087)
00423acc       ___Save8087
00423ad0       ___Rest8087
Module: D:\WATCOM/lib386/nt\clib3r.lib(init8087)
004172d4       __x87id
Module: D:\WATCOM/lib386/nt\clib3r.lib(histsplt)
0042498c       ___historical_splitparms
Module: D:\WATCOM/lib386/nt\clib3r.lib(___argc)
00424990       ____Argc
00424994       ____Argv
Module: D:\WATCOM/lib386/nt\clib3r.lib(nrealloc)
00417310       realloc_
00417320+      _nrealloc_
Module: D:\WATCOM/lib386/nt\clib3r.lib(setenvp)
004173a0       __setenvp_
00417470       __freeenvp_
Module: D:\WATCOM/lib386/nt\clib3r.lib(ustrlen)
004174c4       wcslen_
Module: D:\WATCOM/lib386/nt\clib3r.lib(conutwnt)
004174f0       __NTRealKey_
004175a0       __NTConsoleInput_
004175b0       __NTConsoleOutput_
Module: D:\WATCOM/lib386/nt\clib3r.lib(fclex387)
004175c0       _ClearFPE_
Module: D:\WATCOM/lib386/nt\clib3r.lib(signlwnt)
00423adc+      _SignalTable
004175d0+      __SetSignalFunc_
00417620+      __GetSignalFunc_
00417650+      __GetSignalOSCode_
00417680+      __CheckSignalExCode_
004177c0+      __sigabort_
004177d0       __sigfpe_handler_
00417820*      signal_
004178b0+      raise_
00417920+      __SigInit_
00417970+      __SigFini_
004179b0+      __sig_init_
Module: D:\WATCOM/lib386/nt\clib3r.lib(wctomb)
004179e0       wctomb_
Module: D:\WATCOM/lib386/nt\clib3r.lib(itoa)
00417a20+      utoa_
00417a70       itoa_
Module: D:\WATCOM/lib386/nt\clib3r.lib(strupr)
00417aa0       strupr_
Module: D:\WATCOM/lib386/nt\clib3r.lib(lltoa)
00417ac0       ulltoa_
00417b30*      lltoa_
Module: D:\WATCOM/lib386/nt\clib3r.lib(ltoa)
00417b60       ultoa_
00417bb0*      ltoa_
Module: D:\WATCOM/lib386/nt\clib3r.lib(iomodtty)
00417be0       __ChkTTYIOMode_
00417c30*      __IOMode_
Module: D:\WATCOM/lib386/nt\clib3r.lib(getchwnt)
00417d60       getch_
Module: D:\WATCOM/lib386/nt\clib3r.lib(putchwnt)
00417dd0       putch_
Module: D:\WATCOM/lib386/nt\clib3r.lib(mbinit)
00417e5d       __mbinit_
00423b4c       ___MBCodePage
Module: D:\WATCOM/lib386/nt\clib3r.lib(mbclen)
00417f50       _mbclen_
Module: D:\WATCOM/lib386/nt\clib3r.lib(cinit)
00417f80       __CommonInit_
Module: D:\WATCOM/lib386\math387r.lib(ldcvt)
00418066       _LDScale10x_
0041869d       __LDcvt_
Module: D:\WATCOM/lib386\math387r.lib(strtod)
00419070+      __Strtold_
004191d8       strtod_
Module: D:\WATCOM/lib386/nt\clib3r.lib(nmsize)
00419320*      _msize_
00419330       _nmsize_
Module: D:\WATCOM/lib386/nt\clib3r.lib(nexpand)
00419340*      _expand_
00419350+      __HeapManager_expand_
00419510       _nexpand_
Module: D:\WATCOM/lib386/nt\clib3r.lib(dofilstr)
00419580       __ParsePosixHandleStr_
Module: D:\WATCOM/lib386/nt\clib3r.lib(clearenv)
004196a0       clearenv_
Module: D:\WATCOM/lib386/nt\clib3r.lib(abort)
0041974b*      abort_
00419766       __terminate_
00423bf8       ___abort
Module: D:\WATCOM/lib386/nt\clib3r.lib(alphabet)
00423530       ___Alphabet
Module: D:\WATCOM/lib386\math387r.lib(ldclass)
00419780       __LDClass_
004197d0*      _FLClass_
Module: D:\WATCOM/lib386/nt\clib3r.lib(bufld386)
004197e0       __ZBuf2LD
Module: D:\WATCOM/lib386\math387r.lib(inf_nan)
00419883*      ___f_infinity
00419887*      ___f_posqnan
0041988b       ___d_infinity
00419893       ___d_posqnan
0041989b*      ___ld_infinity
004198a3*      ___ld_posqnan
Module: D:\WATCOM/lib386/nt\clib3r.lib(hugeval)
004198b0       __HugeValue
Module: D:\WATCOM/lib386/nt\clib3r.lib(getenv)
004198c0       getenv_
Module: D:\WATCOM/lib386/nt\clib3r.lib(putenv)
00419950       putenv_
00419c00       __putenv_
Module: D:\WATCOM/lib386/nt\clib3r.lib(mbterm)
00419d80       _mbterm_
Module: D:\WATCOM/lib386/nt\clib3r.lib(mbsnextc)
00419dc0       _mbsnextc_
Module: D:\WATCOM/lib386/nt\clib3r.lib(mbcupper)
00419e00       _mbctoupper_
Module: D:\WATCOM/lib386/nt\clib3r.lib(mbsinc)
00419e30       _mbsinc_
Module: D:\WATCOM/lib386/nt\clib3r.lib(mbschr)
00419e60       _mbschr_
Module: D:\WATCOM/lib386/nt\clib3r.lib(mbslen)
00419ec0       _mbslen_
Module: D:\WATCOM/lib386/nt\clib3r.lib(mbstowcs)
00419ef0       mbstowcs_
Module: D:\WATCOM/lib386/nt\clib3r.lib(uputenv)
00419f70*      _wputenv_
0041a1a0       __wputenv_
Module: D:\WATCOM/lib386/nt\clib3r.lib(memmove)
0041a2a0       memmove_
Module: D:\WATCOM/lib386/nt\clib3r.lib(mbconv)
0041a300       _mbvtop_
Module: D:\WATCOM/lib386/nt\clib3r.lib(mbccmp)
0041a320       _mbccmp_
Module: D:\WATCOM/lib386/nt\clib3r.lib(ustrchr)
0041a364       wcschr_
Module: D:\WATCOM/lib386/nt\clib3r.lib(setenvar)
0041a380       __lib_SetEnvironmentVariableW_
Module: D:\WATCOM/lib386/nt\clib3r.lib(crtwenv)
0041a470       __create_wide_environment_
Module: D:\WATCOM/lib386/nt\clib3r.lib(wcstombs)
0041a4e0       wcstombs_
Module: D:\WATCOM/lib386/nt\clib3r.lib(utoupper)
0041a58d       towupper_


                        +----------------------+
                        |   Imported Symbols   |
                        +----------------------+

Symbol                              Module
======                              ======

_WriteFile@20                       KERNEL32.DLL
_GetEnvironmentStrings@0            KERNEL32.DLL
_GetVersion@0                       KERNEL32.DLL
_GetModuleFileNameA@12              KERNEL32.DLL
_GetCommandLineA@0                  KERNEL32.DLL
_GetCommandLineW@0                  KERNEL32.DLL
_FreeEnvironmentStringsA@4          KERNEL32.DLL
_GetModuleHandleA@4                 KERNEL32.DLL
_ExitProcess@4                      KERNEL32.DLL
_VirtualAlloc@16                    KERNEL32.DLL
_SetFilePointer@16                  KERNEL32.DLL
_CloseHandle@4                      KERNEL32.DLL
_GetLastError@0                     KERNEL32.DLL
_CreateFileA@28                     KERNEL32.DLL
_ReadFile@20                        KERNEL32.DLL
_SetStdHandle@8                     KERNEL32.DLL
_CreateEventA@16                    KERNEL32.DLL
_GetStdHandle@4                     KERNEL32.DLL
_GetModuleFileNameW@12              KERNEL32.DLL
_MultiByteToWideChar@24             KERNEL32.DLL
_LoadLibraryA@4                     KERNEL32.DLL
_GetProcAddress@8                   KERNEL32.DLL
_SetUnhandledExceptionFilter@4      KERNEL32.DLL
_UnhandledExceptionFilter@4         KERNEL32.DLL
_VirtualQuery@12                    KERNEL32.DLL
_VirtualFree@12                     KERNEL32.DLL
_FlushFileBuffers@4                 KERNEL32.DLL
_GetFileType@4                      KERNEL32.DLL
_GetCurrentThreadId@0               KERNEL32.DLL
_SetConsoleCtrlHandler@8            KERNEL32.DLL
_WideCharToMultiByte@32             KERNEL32.DLL
_ReadConsoleInputA@16               KERNEL32.DLL
_GetConsoleMode@8                   KERNEL32.DLL
_SetConsoleMode@8                   KERNEL32.DLL
_WriteConsoleA@20                   KERNEL32.DLL
_GetACP@0                           KERNEL32.DLL
_GetOEMCP@0                         KERNEL32.DLL
_GetCPInfo@8                        KERNEL32.DLL
_SetEnvironmentVariableA@8          KERNEL32.DLL
_CharUpperA@4                       USER32.DLL
_SetEnvironmentVariableW@8          KERNEL32.DLL


                        +--------------------+
                        |   Libraries Used   |
                        +--------------------+

D:\WATCOM/lib386/nt\kernel32.lib
D:\WATCOM/lib386/nt\user32.lib
D:\WATCOM/lib386\math387r.lib
D:\WATCOM/lib386/nt\emu387.lib
D:\WATCOM/lib386/nt\clib3r.lib


                        +-----------------------+
                        |   Linker Statistics   |
                        +-----------------------+

Stack size:  00010000 (65536.)
Memory size:  000324dc (206044.)
Entry point address: 004114a2
Link time: 00:00.71
